AHM-01: 5855 buildings outside the facility (0 circular tanks dropped, 2239 in non-residential zones); flood cells yes
AHM-02: 1387 buildings outside the facility (1 circular tanks dropped, 403 in non-residential zones); flood cells yes
AHM-03: 682 buildings outside the facility (0 circular tanks dropped, 54 in non-residential zones); flood cells yes
BHJ-01: 1789 buildings outside the facility (0 circular tanks dropped, 150 in non-residential zones); flood cells yes
BHV-01: 38 buildings outside the facility (0 circular tanks dropped, 36 in non-residential zones); flood cells yes
GNR-01: 1369 buildings outside the facility (0 circular tanks dropped, 183 in non-residential zones); flood cells yes
JAM-01: 1298 buildings outside the facility (0 circular tanks dropped, 2 in non-residential zones); flood cells yes
MEH-01: 764 buildings outside the facility (1 circular tanks dropped, 0 in non-residential zones); flood cells none
RAJ-01: 137 buildings outside the facility (0 circular tanks dropped, 0 in non-residential zones); flood cells yes
SUR-01: 1393 buildings outside the facility (0 circular tanks dropped, 16 in non-residential zones); flood cells yes
SUR-02: 685 buildings outside the facility (0 circular tanks dropped, 90 in non-residential zones); flood cells yes
VAD-01: 847 buildings outside the facility (0 circular tanks dropped, 0 in non-residential zones); flood cells yes
VAD-02: 2239 buildings outside the facility (0 circular tanks dropped, 133 in non-residential zones); flood cells yes
VAP-01: 295 buildings outside the facility (0 circular tanks dropped, 49 in non-residential zones); flood cells yes
        breaches_2026  conditional_or_check_2026  breaches_2016                                                 breached_rules_2026
site                                                                                                                               
AHM-01              3                          1              3               Highway (NH / SH), Habitation, Flood plain (100-year)
AHM-02              0                          2              0                                                                    
AHM-03              0                          2              0                                                                    
BHJ-01              3                          0              3                    Highway (NH / SH), Habitation, Airport / airbase
BHV-01              1                          1              1                                              Flood plain (100-year)
GNR-01              3                          1              2                           River, Habitation, Flood plain (100-year)
JAM-01              3                          1              2                    Highway (NH / SH), Habitation, Airport / airbase
MEH-01              3                          0              2                    Highway (NH / SH), Habitation, Airport / airbase
RAJ-01              0                          1              0                                                                    
SUR-01              3                          0              4               Habitation, Airport / airbase, Flood plain (100-year)
SUR-02              3                          1              2                     Pond, Airport / airbase, Flood plain (100-year)
VAD-01              5                          1              4  River, Pond, Highway (NH / SH), Habitation, Flood plain (100-year)
VAD-02              3                          0              4               Habitation, Airport / airbase, Flood plain (100-year)
VAP-01              3                          1              3                    River, Airport / airbase, Flood plain (100-year)
rule counts 2026: {'R1': 3, 'R2': 2, 'R3': 5, 'R4': 8, 'R5': 0, 'R7': 7, 'R8': 8, 'R9': 0, 'R10': 0, 'R11': 0}
